// Jest Snapshot v1, https://goo.gl/fbAQLP

exports[`Cart checkout() should return an object with the total and the list of products 1`] = `
{
  "items": [
    {
      "product": {
        "price": 35388,
        "title": "Adidas running shoes - men",
      },
      "quantity": 5,
    },
    {
      "product": {
        "price": 41872,
        "title": "Adidas running shoes - women",
      },
      "quantity": 4,
    },
  ],
  "total": 344428,
}
`;
